
> client@0.0.0 build
> tsc -b && vite build

src/pages/admin/ReportDetail.tsx(5,23): error TS6133: 'PageHeader' is declared but its value is never read.
src/pages/Login.tsx(2,23): error TS6133: 'Link' is declared but its value is never read.
src/pages/patient/Dashboard.tsx(3,43): error TS6133: 'UserIcon' is declared but its value is never read.
src/pages/patient/Dashboard.tsx(4,10): error TS6133: 'PageHeader' is declared but its value is never read.
